// Jest Snapshot v1, https://goo.gl/fbAQLP

exports[`it test the render Home page 1`] = `
<div
  className="container"
>
  <h2>
    Lets do some math
  </h2>
  <div
    className="App"
  >
    <div
      className="display"
    >
      <h1 />
    </div>
    <div
      className="panel"
    >
      <div
        className="row"
      >
        <div
          className="btn"
        >
          <button
            className="btn"
            name="button"
            onClick={[Function]}
            type="button"
          >
            AC
          </button>
        </div>
        <div
          className="btn"
        >
          <button
            className="btn"
            name="button"
            onClick={[Function]}
            type="button"
          >
            +/-
          </button>
        </div>
        <div
          className="btn"
        >
          <button
            className="btn"
            name="button"
            onClick={[Function]}
            type="button"
          >
            %
          </button>
        </div>
        <div
          className="btn btnColor"
        >
          <button
            className="btn btnColor"
            name="button"
            onClick={[Function]}
            type="button"
          >
            รท
          </button>
        </div>
      </div>
      <div
        className="row"
      >
        <div
          className="btn"
        >
          <button
            className="btn"
            name="button"
            onClick={[Function]}
            type="button"
          >
            7
          </button>
        </div>
        <div
          className="btn"
        >
          <button
            className="btn"
            name="button"
            onClick={[Function]}
            type="button"
          >
            8
          </button>
        </div>
        <div
          className="btn"
        >
          <button
            className="btn"
            name="button"
            onClick={[Function]}
            type="button"
          >
            9
          </button>
        </div>
        <div
          className="btn btnColor"
        >
          <button
            className="btn btnColor"
            name="button"
            onClick={[Function]}
            type="button"
          >
            X
          </button>
        </div>
      </div>
      <div
        className="row"
      >
        <div
          className="btn"
        >
          <button
            className="btn"
            name="button"
            onClick={[Function]}
            type="button"
          >
            4
          </button>
        </div>
        <div
          className="btn"
        >
          <button
            className="btn"
            name="button"
            onClick={[Function]}
            type="button"
          >
            5
          </button>
        </div>
        <div
          className="btn"
        >
          <button
            className="btn"
            name="button"
            onClick={[Function]}
            type="button"
          >
            6
          </button>
        </div>
        <div
          className="btn btnColor"
        >
          <button
            className="btn btnColor"
            name="button"
            onClick={[Function]}
            type="button"
          >
            -
          </button>
        </div>
      </div>
      <div
        className="row"
      >
        <div
          className="btn"
        >
          <button
            className="btn"
            name="button"
            onClick={[Function]}
            type="button"
          >
            1
          </button>
        </div>
        <div
          className="btn"
        >
          <button
            className="btn"
            name="button"
            onClick={[Function]}
            type="button"
          >
            2
          </button>
        </div>
        <div
          className="btn"
        >
          <button
            className="btn"
            name="button"
            onClick={[Function]}
            type="button"
          >
            3
          </button>
        </div>
        <div
          className="btn btnColor"
        >
          <button
            className="btn btnColor"
            name="button"
            onClick={[Function]}
            type="button"
          >
            +
          </button>
        </div>
      </div>
      <div
        className="row"
      >
        <div
          className="btn btn0"
        >
          <button
            className="btn btn0"
            name="button"
            onClick={[Function]}
            type="button"
          >
            0
          </button>
        </div>
        <div
          className="btn"
        >
          <button
            className="btn"
            name="button"
            onClick={[Function]}
            type="button"
          >
            .
          </button>
        </div>
        <div
          className="btn btnColor"
        >
          <button
            className="btn btnColor"
            name="button"
            onClick={[Function]}
            type="button"
          >
            =
          </button>
        </div>
      </div>
    </div>
  </div>
</div>
`;
